// Jest Snapshot v1, https://goo.gl/fbAQLP

exports[`TodoList renders 1`] = `
<section
  className="container"
>
  <ul
    className="list"
  >
    <li
      className="todo"
    >
      <input
        checked={false}
        className="checkbox"
        data-testid="checkbox"
        id="280a"
        onChange={[Function]}
        type="checkbox"
      />
      <label
        className="text false"
        data-testid="todo-text"
        htmlFor="280a"
      >
        studying
      </label>
      <button
        className="button"
        onClick={[Function]}
        title="delete"
      >
        <svg
          fill="currentColor"
          height="1em"
          stroke="currentColor"
          strokeWidth="0"
          style={
            Object {
              "color": undefined,
            }
          }
          viewBox="0 0 16 16"
          width="1em"
          xmlns="http://www.w3.org/2000/svg"
        >
          <path
            d="M2.5 1a1 1 0 0 0-1 1v1a1 1 0 0 0 1 1H3v9a2 2 0 0 0 2 2h6a2 2 0 0 0 2-2V4h.5a1 1 0 0 0 1-1V2a1 1 0 0 0-1-1H10a1 1 0 0 0-1-1H7a1 1 0 0 0-1 1H2.5zm3 4a.5.5 0 0 1 .5.5v7a.5.5 0 0 1-1 0v-7a.5.5 0 0 1 .5-.5zM8 5a.5.5 0 0 1 .5.5v7a.5.5 0 0 1-1 0v-7A.5.5 0 0 1 8 5zm3 .5v7a.5.5 0 0 1-1 0v-7a.5.5 0 0 1 1 0z"
          />
        </svg>
      </button>
    </li>
    <li
      className="todo"
    >
      <input
        checked={true}
        className="checkbox"
        data-testid="checkbox"
        id="280b"
        onChange={[Function]}
        type="checkbox"
      />
      <label
        className="text completed"
        data-testid="todo-text"
        htmlFor="280b"
      >
        running
      </label>
      <button
        className="button"
        onClick={[Function]}
        title="delete"
      >
        <svg
          fill="currentColor"
          height="1em"
          stroke="currentColor"
          strokeWidth="0"
          style={
            Object {
              "color": undefined,
            }
          }
          viewBox="0 0 16 16"
          width="1em"
          xmlns="http://www.w3.org/2000/svg"
        >
          <path
            d="M2.5 1a1 1 0 0 0-1 1v1a1 1 0 0 0 1 1H3v9a2 2 0 0 0 2 2h6a2 2 0 0 0 2-2V4h.5a1 1 0 0 0 1-1V2a1 1 0 0 0-1-1H10a1 1 0 0 0-1-1H7a1 1 0 0 0-1 1H2.5zm3 4a.5.5 0 0 1 .5.5v7a.5.5 0 0 1-1 0v-7a.5.5 0 0 1 .5-.5zM8 5a.5.5 0 0 1 .5.5v7a.5.5 0 0 1-1 0v-7A.5.5 0 0 1 8 5zm3 .5v7a.5.5 0 0 1-1 0v-7a.5.5 0 0 1 1 0z"
          />
        </svg>
      </button>
    </li>
  </ul>
  <form
    className="form"
    onSubmit={[Function]}
  >
    <input
      className="input"
      onChange={[Function]}
      placeholder="Add Todo"
      type="text"
      value=""
    />
    <button
      className="button"
    >
      Add
    </button>
  </form>
</section>
`;
